// Jest Snapshot v1, https://goo.gl/fbAQLP

exports[`Button Tests Renders and Matches snapshot 1`] = `
<View
  accessibilityRole="button"
  accessible={true}
  collapsable={false}
  focusable={true}
  onBlur={[Function]}
  onClick={[Function]}
  onFocus={[Function]}
  onResponderGrant={[Function]}
  onResponderMove={[Function]}
  onResponderRelease={[Function]}
  onResponderTerminate={[Function]}
  onResponderTerminationRequest={[Function]}
  onStartShouldSetResponder={[Function]}
  style={
    Object {
      "opacity": 1,
    }
  }
  testID="button"
>
  <View
    style={
      Array [
        Object {
          "alignItems": "center",
          "backgroundColor": "#2196F3",
          "borderRadius": 5,
          "elevation": 0,
          "justifyContent": "center",
          "paddingHorizontal": 20,
          "paddingVertical": 12,
        },
        undefined,
        undefined,
      ]
    }
  >
    <Text
      style={
        Array [
          Object {
            "color": "#EEE",
            "fontSize": 16,
            "fontWeight": "bold",
            "letterSpacing": 0.25,
            "lineHeight": 21,
          },
          undefined,
        ]
      }
    >
      Press Me
    </Text>
  </View>
</View>
`;
